[repeatradio.net/splash/index.html]
[backblue.gif]
[fade.gif]
[index.html]
[repeatradio.net/splash/__assets__/default-transparent.png]
[repeatradio.net/splash/__assets__/default-circle.png]
[kit.fontawesome.com/761fc78645.js]
[cdnjs.cloudflare.com/ajax/libs/animate.css/4.1.1/animate.min.css]
[cdn.jsdelivr.net/npm/bootstrap@5.0.0-beta2/dist/css/bootstrap.min.css]
[cdn.jsdelivr.net/npm/bootstrap@5.0.0-beta2/dist/js/bootstrap.bundle.min.js]
[code.jquery.com/jquery-3.5.1.min.js]
[repeatradio.net/splash/__assets__/css/repeat2b80.css]
[i.imgur.com/VaFakia.png]
[repeatradio.net/splash/request.9.delayed]
[repeatradio.net/splash/__assets__/discord.png]
[azura.veth1.cc/api/station/3/art/2e64e2b49ae7b095ee5d9e9d-1612298970.jpg]
[azura.veth1.cc/api/station/3/art/833ad7b2e850e4960f2de982-1613233985.jpg]
[azura.veth1.cc/api/station/3/art/2c13cd1660cca9b4e0538939-1612298786.jpg]
[azura.veth1.cc/api/station/3/art/884708a0cb35bedcd36ba92c-1612298781.jpg]
[repeatradio.net/splash/__assets__/js/repeatc746.js]
[repeatradio.net/splash/index.html]
[cdnjs.cloudflare.com/ajax/libs/animate.css/4.1.1/animate.min.css]
[cdn.jsdelivr.net/npm/bootstrap@5.0.0-beta2/dist/css/bootstrap.min.css]
[repeatradio.net/splash/__assets__/css/repeat2b80.css]
[repeatradio.net/splash/request.html]
